// Jest Snapshot v1, https://goo.gl/fbAQLP

exports[`ModalFooter should match with the snapshot 1`] = `
<footer
  className="c-modal__actions c-modal__actions--align-between"
>
  <Button
    className=""
    container="default"
    disabled={false}
    fullWidth={false}
    hasSVG={false}
    loading={false}
    noShadow={false}
    onClick={[Function]}
    shape="rounded"
    size={2}
    submit={false}
    type="default"
  >
    1st action
  </Button>
  <Button
    className=""
    container="default"
    disabled={false}
    fullWidth={false}
    hasSVG={false}
    loading={false}
    noShadow={false}
    onClick={[Function]}
    shape="rounded"
    size={2}
    submit={false}
    type="primary"
  >
    2nd action
  </Button>
</footer>
`;
