// Jest Snapshot v1, https://goo.gl/fbAQLP

exports[`ListItemContent should match with the snapshot 1`] = `
<div
  className="c-wrapper"
>
  <ListItemContent
    border={false}
    isAction={false}
  >
    <CardItem
      ellipsis={false}
      format="DD MMM YYYY [às] HH:mm"
      gray={false}
      label="Label"
      lbGray={false}
      lbPrimary={false}
      leftIcon={false}
      primary={false}
      small={false}
      svgPrimary={false}
      valPrimary={false}
      value="Value"
    />
    <CardItem
      ellipsis={false}
      format="DD MMM YYYY [às] HH:mm"
      gray={false}
      label="Label"
      lbGray={false}
      lbPrimary={false}
      leftIcon={false}
      primary={false}
      small={false}
      svgPrimary={false}
      valPrimary={false}
      value="Value"
    />
    <CardItem
      ellipsis={false}
      format="DD MMM YYYY [às] HH:mm"
      gray={false}
      label="Label"
      lbGray={false}
      lbPrimary={false}
      leftIcon={false}
      primary={false}
      small={false}
      svgPrimary={false}
      valPrimary={false}
      value="Value"
    />
  </ListItemContent>
</div>
`;
