// Jest Snapshot v1, https://goo.gl/fbAQLP

exports[`DatePicker should match with the snapshot 1`] = `
<div
  className="c-datepicker"
>
  <t
    allowSameDay={false}
    calendarClassName="c-calendar"
    className="c-input"
    customTimeInput={null}
    dateFormat="dd/MM/yyyy"
    dateFormatCalendar="LLLL yyyy"
    disabled={false}
    disabledKeyboardNavigation={false}
    dropdownMode="scroll"
    enableTabLoop={true}
    excludeScrollbar={true}
    inlineFocusSelectedMonth={false}
    monthsShown={1}
    nextMonthButtonLabel="Next Month"
    nextYearButtonLabel="Next Year"
    onBlur={[Function]}
    onCalendarClose={[Function]}
    onCalendarOpen={[Function]}
    onChange={[Function]}
    onClickOutside={[Function]}
    onFocus={[Function]}
    onInputClick={[Function]}
    onInputError={[Function]}
    onKeyDown={[Function]}
    onMonthChange={[Function]}
    onSelect={[Function]}
    onYearChange={[Function]}
    popperModifiers={
      Object {
        "offset": Object {
          "enabled": true,
        },
        "preventOverflow": Object {
          "boundariesElement": "viewport",
          "enabled": true,
          "escapeWithReference": false,
        },
      }
    }
    preventOpenOnFocus={false}
    previousMonthButtonLabel="Previous Month"
    previousYearButtonLabel="Previous Year"
    readOnly={false}
    renderDayContents={[Function]}
    selected={2020-03-11T10:41:40.597Z}
    shouldCloseOnSelect={true}
    showMonthYearPicker={false}
    showPopperArrow={false}
    showPreviousMonths={false}
    showQuarterYearPicker={false}
    showTimeInput={false}
    showTimeSelect={false}
    strictParsing={false}
    timeCaption="Time"
    timeInputLabel="Time"
    timeIntervals={30}
    withPortal={false}
  />
</div>
`;
