// Jest Snapshot v1, https://goo.gl/fbAQLP

exports[`Select should match with the snapshot 1`] = `
<div
  className="c-select-wrapper"
>
  <span
    className=""
  />
  <StateManager
    backspaceRemoves={true}
    className="c-select    "
    classNamePrefix="select-default"
    components={Object {}}
    defaultInputValue=""
    defaultMenuIsOpen={false}
    defaultValue={null}
    deleteRemoves={true}
    inputId={null}
    isClearable={false}
    isMulti={false}
    isSearchable={true}
    name={null}
    noOptionsMessage={[Function]}
    onChange={[Function]}
    options={
      Array [
        Object {
          "label": "Chocolate",
          "value": "chocolate",
        },
        Object {
          "label": "Strawberry",
          "value": "strawberry",
        },
        Object {
          "label": "Vanilla",
          "value": "vanilla",
        },
        Object {
          "label": "Coconut",
          "value": "Coconut",
        },
      ]
    }
    placeholder="Selecione..."
    value={null}
  />
</div>
`;
