// Jest Snapshot v1, https://goo.gl/fbAQLP

exports[`Card should match with the snapshot 1`] = `
<Grid
  fluid={true}
  style={
    Object {
      "margin": 0,
      "padding": 0,
    }
  }
>
  <Row
    className="c-card"
  >
    <CardItem
      ellipsis={false}
      format="DD MMM YYYY [às] HH:mm"
      gray={false}
      label="Label"
      lbGray={false}
      lbPrimary={false}
      leftIcon={false}
      primary={false}
      small={false}
      svgPrimary={false}
      valPrimary={false}
      value="Value"
    />
  </Row>
</Grid>
`;
